C:\Program Files (x86)\System Centroid\Flowrian R7\Library\PNULib\sources\PNU_AND2.v= PNU_AND2
C:\Program Files (x86)\System Centroid\Flowrian R7\Library\PNULib\sources\PNU_AND3.v= PNU_AND3
C:\Program Files (x86)\System Centroid\Flowrian R7\Library\PNULib\sources\PNU_AND4.v= PNU_AND4
C:\Program Files (x86)\System Centroid\Flowrian R7\Library\PNULib\sources\PNU_AND8.v= PNU_AND8
C:\Program Files (x86)\System Centroid\Flowrian R7\Library\PNULib\sources\PNU_BUF.v= PNU_BUF
C:\Program Files (x86)\System Centroid\Flowrian R7\Library\PNULib\sources\PNU_DFF.v= PNU_DFF
C:\Program Files (x86)\System Centroid\Flowrian R7\Library\PNULib\sources\PNU_DFF_Ce.v= PNU_DFF_Ce
C:\Program Files (x86)\System Centroid\Flowrian R7\Library\PNULib\sources\PNU_JKFF.v= PNU_JKFF
C:\Program Files (x86)\System Centroid\Flowrian R7\Library\PNULib\sources\PNU_MUX2.v= PNU_MUX2
C:\Program Files (x86)\System Centroid\Flowrian R7\Library\PNULib\sources\PNU_MUX4.v= PNU_MUX4
C:\Program Files (x86)\System Centroid\Flowrian R7\Library\PNULib\sources\PNU_MUX8.v= PNU_MUX8
C:\Program Files (x86)\System Centroid\Flowrian R7\Library\PNULib\sources\PNU_NAND2.v= PNU_NAND2
C:\Program Files (x86)\System Centroid\Flowrian R7\Library\PNULib\sources\PNU_NAND3.v= PNU_NAND3
C:\Program Files (x86)\System Centroid\Flowrian R7\Library\PNULib\sources\PNU_NAND4.v= PNU_NAND4
C:\Program Files (x86)\System Centroid\Flowrian R7\Library\PNULib\sources\PNU_NAND8.v= PNU_NAND8
C:\Program Files (x86)\System Centroid\Flowrian R7\Library\PNULib\sources\PNU_NOR2.v= PNU_NOR2
C:\Program Files (x86)\System Centroid\Flowrian R7\Library\PNULib\sources\PNU_NOR3.v= PNU_NOR3
C:\Program Files (x86)\System Centroid\Flowrian R7\Library\PNULib\sources\PNU_NOR4.v= PNU_NOR4
C:\Program Files (x86)\System Centroid\Flowrian R7\Library\PNULib\sources\PNU_NOR8.v= PNU_NOR8
C:\Program Files (x86)\System Centroid\Flowrian R7\Library\PNULib\sources\PNU_NOT.v= PNU_NOT
C:\Program Files (x86)\System Centroid\Flowrian R7\Library\PNULib\sources\PNU_ONE.v= PNU_ONE
C:\Program Files (x86)\System Centroid\Flowrian R7\Library\PNULib\sources\PNU_OR2.v= PNU_OR2
C:\Program Files (x86)\System Centroid\Flowrian R7\Library\PNULib\sources\PNU_OR3.v= PNU_OR3
C:\Program Files (x86)\System Centroid\Flowrian R7\Library\PNULib\sources\PNU_OR4.v= PNU_OR4
C:\Program Files (x86)\System Centroid\Flowrian R7\Library\PNULib\sources\PNU_OR8.v= PNU_OR8
C:\Program Files (x86)\System Centroid\Flowrian R7\Library\PNULib\sources\PNU_SRAM.v= PNU_SRAM
C:\Program Files (x86)\System Centroid\Flowrian R7\Library\PNULib\sources\PNU_TBUF.v= PNU_TBUF
C:\Program Files (x86)\System Centroid\Flowrian R7\Library\PNULib\sources\PNU_XNOR2.v= PNU_XNOR2
C:\Program Files (x86)\System Centroid\Flowrian R7\Library\PNULib\sources\PNU_XNOR3.v= PNU_XNOR3
C:\Program Files (x86)\System Centroid\Flowrian R7\Library\PNULib\sources\PNU_XNOR4.v= PNU_XNOR4
C:\Program Files (x86)\System Centroid\Flowrian R7\Library\PNULib\sources\PNU_XOR2.v= PNU_XOR2
C:\Program Files (x86)\System Centroid\Flowrian R7\Library\PNULib\sources\PNU_XOR3.v= PNU_XOR3
C:\Program Files (x86)\System Centroid\Flowrian R7\Library\PNULib\sources\PNU_XOR4.v= PNU_XOR4
C:\Program Files (x86)\System Centroid\Flowrian R7\Library\PNULib\sources\PNU_ZERO.v= PNU_ZERO
C:\Flowrian\DecToBinConverter.v= DecToBinConverter
C:\Flowrian\EightBitX16Reg.v= EightBitX16Reg
C:\Flowrian\LCDtest1.v= LCDtest1
C:\Flowrian\LEA_8bitRegister.v= LEA_8bitRegister
C:\Flowrian\testLCD.v= testLCD
C:\Flowrian\DecToLCDinputBit.v= DecToLCDinputBit
C:\Flowrian\LCDtest2.v= LCDtest2
C:\Flowrian\LTP.v= LTP
C:\Flowrian\keypad.v= keypad
C:\Flowrian\keypad_tb.v= keypad_tb
C:\Flowrian\LEA_MergeTo128.v= LEA_MergeTo128
C:\Flowrian\Untitled0_tb.v= Untitled0_tb
C:\Flowrian\Untitled0.v= Untitled0
C:\Flowrian\Subtest_tb.v= Subtest_tb
C:\Flowrian\Subtest.v= Subtest
C:\Flowrian\shifter_8bit.v= shifter_8bit
C:\Flowrian\LEA_TwoAdder_tb.v= LEA_TwoAdder_tb
C:\Flowrian\LEA_TwoAdder.v= LEA_TwoAdder
C:\Flowrian\LEA_test_tb.v= LEA_test_tb
C:\Flowrian\LEA_test.v= LEA_test
C:\Flowrian\LEA_ROR9.v= LEA_ROR9
C:\Flowrian\LEA_ROR5_tb.v= LEA_ROR5_tb
C:\Flowrian\LEA_ROR5.v= LEA_ROR5
C:\Flowrian\LEA_ROR3.v= LEA_ROR3
C:\Flowrian\LEA_ROL11.v= LEA_ROL11
C:\Flowrian\LEA_ROL9_tb.v= LEA_ROL9_tb
C:\Flowrian\LEA_ROL9.v= LEA_ROL9
C:\Flowrian\LEA_ROL6.v= LEA_ROL6
C:\Flowrian\LEA_ROL5.v= LEA_ROL5
C:\Flowrian\LEA_ROL3.v= LEA_ROL3
C:\Flowrian\LEA_ROL1.v= LEA_ROL1
C:\Flowrian\LEA_PASS.v= LEA_PASS
C:\Flowrian\LEA_KeyConstructor.v= LEA_KeyConstructor
C:\Flowrian\LEA_KeyConstant_tb.v= LEA_KeyConstant_tb
C:\Flowrian\LEA_KeyConstant.v= LEA_KeyConstant
C:\Flowrian\LEA_FullSub.v= LEA_FullSub
C:\Flowrian\LEA_FullAdder_tb.v= LEA_FullAdder_tb
C:\Flowrian\LEA_FullAdder.v= LEA_FullAdder
C:\Flowrian\LEA_FinSub.v= LEA_FinSub
C:\Flowrian\LEA_FinAdder.v= LEA_FinAdder
C:\Flowrian\LEA_Encrypt_tb.v= LEA_Encrypt_tb
C:\Flowrian\LEA_Decrypt_tb.v= LEA_Decrypt_tb
C:\Flowrian\LEA_Decrypt.v= LEA_Decrypt
C:\Flowrian\LEA_BlockXOR_tb.v= LEA_BlockXOR_tb
C:\Flowrian\LEA_BlockXOR.v= LEA_BlockXOR
C:\Flowrian\LEA_BlockSubtractor_tb.v= LEA_BlockSubtractor_tb
C:\Flowrian\LEA_128BitsDivideIn16x8Register_tb.v= LEA_128BitsDivideIn16x8Register_tb
C:\Flowrian\LEA_128BitsDivideIn16x8Register.v= LEA_128BitsDivideIn16x8Register
C:\Flowrian\LEA_128bitMessageRegister.v= LEA_128bitMessageRegister
C:\Flowrian\LEA_32bitBlock.v= LEA_32bitBlock
C:\Flowrian\LEA_16Counter_tb.v= LEA_16Counter_tb
C:\Flowrian\LEA_16Counter.v= LEA_16Counter
C:\Flowrian\LCD_ShowSelected.v= LCD_ShowSelected
C:\Flowrian\LCD_ShowEncrypted.v= LCD_ShowEncrypted
C:\Flowrian\LCD_ShowDecrypted.v= LCD_ShowDecrypted
C:\Flowrian\LCD_InputPlainText.v= LCD_InputPlainText
C:\Flowrian\LCD_InputKey.v= LCD_InputKey
C:\Flowrian\LCD_HOME.v= LCD_HOME
C:\Flowrian\CounterEX.v= CounterEX
C:\Flowrian\LEA_CU.v= LEA_CU
C:\Flowrian\LEA_CU_tb.v= LEA_CU_tb
C:\Flowrian\LEA_EncDecEXAMPLE.v= LEA_EncDecEXAMPLE
C:\Flowrian\LEA_EncDecEXAMPLE_tb.v= LEA_EncDecEXAMPLE_tb
C:\Flowrian\LEA_BlockAddition.v= LEA_BlockAddition
C:\Flowrian\LEA_Encrypt.v= LEA_Encrypt
C:\Flowrian\LEA_BlockSubtractor.v= LEA_BlockSubtractor
C:\Flowrian\LEA_project.v= LEA_project
C:\Flowrian\LEA_project_tb.v= LEA_project_tb
C:\Flowrian\EightBitX16Reg_tb.v= EightBitX16Reg_tb
C:\Flowrian\LCDTEST.v= LCDTEST
C:\Flowrian\LCDTEST_tb.v= LCDTEST_tb
