C:\Program Files (x86)\System Centroid\Flowrian R7\Library\PNULib\sources\PNU_AND2.v
C:\Program Files (x86)\System Centroid\Flowrian R7\Library\PNULib\sources\PNU_AND3.v
C:\Program Files (x86)\System Centroid\Flowrian R7\Library\PNULib\sources\PNU_AND4.v
C:\Program Files (x86)\System Centroid\Flowrian R7\Library\PNULib\sources\PNU_AND8.v
C:\Program Files (x86)\System Centroid\Flowrian R7\Library\PNULib\sources\PNU_BUF.v
C:\Program Files (x86)\System Centroid\Flowrian R7\Library\PNULib\sources\PNU_DFF.v
C:\Program Files (x86)\System Centroid\Flowrian R7\Library\PNULib\sources\PNU_DFF_Ce.v
C:\Program Files (x86)\System Centroid\Flowrian R7\Library\PNULib\sources\PNU_JKFF.v
C:\Program Files (x86)\System Centroid\Flowrian R7\Library\PNULib\sources\PNU_MUX2.v
C:\Program Files (x86)\System Centroid\Flowrian R7\Library\PNULib\sources\PNU_MUX4.v
C:\Program Files (x86)\System Centroid\Flowrian R7\Library\PNULib\sources\PNU_MUX8.v
C:\Program Files (x86)\System Centroid\Flowrian R7\Library\PNULib\sources\PNU_NAND2.v
C:\Program Files (x86)\System Centroid\Flowrian R7\Library\PNULib\sources\PNU_NAND3.v
C:\Program Files (x86)\System Centroid\Flowrian R7\Library\PNULib\sources\PNU_NAND4.v
C:\Program Files (x86)\System Centroid\Flowrian R7\Library\PNULib\sources\PNU_NAND8.v
C:\Program Files (x86)\System Centroid\Flowrian R7\Library\PNULib\sources\PNU_NOR2.v
C:\Program Files (x86)\System Centroid\Flowrian R7\Library\PNULib\sources\PNU_NOR3.v
C:\Program Files (x86)\System Centroid\Flowrian R7\Library\PNULib\sources\PNU_NOR4.v
C:\Program Files (x86)\System Centroid\Flowrian R7\Library\PNULib\sources\PNU_NOR8.v
C:\Program Files (x86)\System Centroid\Flowrian R7\Library\PNULib\sources\PNU_NOT.v
C:\Program Files (x86)\System Centroid\Flowrian R7\Library\PNULib\sources\PNU_ONE.v
C:\Program Files (x86)\System Centroid\Flowrian R7\Library\PNULib\sources\PNU_OR2.v
C:\Program Files (x86)\System Centroid\Flowrian R7\Library\PNULib\sources\PNU_OR3.v
C:\Program Files (x86)\System Centroid\Flowrian R7\Library\PNULib\sources\PNU_OR4.v
C:\Program Files (x86)\System Centroid\Flowrian R7\Library\PNULib\sources\PNU_OR8.v
C:\Program Files (x86)\System Centroid\Flowrian R7\Library\PNULib\sources\PNU_SRAM.v
C:\Program Files (x86)\System Centroid\Flowrian R7\Library\PNULib\sources\PNU_TBUF.v
C:\Program Files (x86)\System Centroid\Flowrian R7\Library\PNULib\sources\PNU_XNOR2.v
C:\Program Files (x86)\System Centroid\Flowrian R7\Library\PNULib\sources\PNU_XNOR3.v
C:\Program Files (x86)\System Centroid\Flowrian R7\Library\PNULib\sources\PNU_XNOR4.v
C:\Program Files (x86)\System Centroid\Flowrian R7\Library\PNULib\sources\PNU_XOR2.v
C:\Program Files (x86)\System Centroid\Flowrian R7\Library\PNULib\sources\PNU_XOR3.v
C:\Program Files (x86)\System Centroid\Flowrian R7\Library\PNULib\sources\PNU_XOR4.v
C:\Program Files (x86)\System Centroid\Flowrian R7\Library\PNULib\sources\PNU_ZERO.v
C:\Flowrian\DecToBinConverter.v
C:\Flowrian\EightBitX16Reg.v
C:\Flowrian\LCDtest1.v
C:\Flowrian\LEA_8bitRegister.v
C:\Flowrian\testLCD.v
C:\Flowrian\DecToLCDinputBit.v
C:\Flowrian\LCDtest2.v
C:\Flowrian\LTP.v
C:\Flowrian\keypad.v
C:\Flowrian\keypad_tb.v
C:\Flowrian\LEA_MergeTo128.v
C:\Flowrian\Untitled0_tb.v
C:\Flowrian\Untitled0.v
C:\Flowrian\Subtest_tb.v
C:\Flowrian\Subtest.v
C:\Flowrian\shifter_8bit.v
C:\Flowrian\LEA_TwoAdder_tb.v
C:\Flowrian\LEA_TwoAdder.v
C:\Flowrian\LEA_test_tb.v
C:\Flowrian\LEA_test.v
C:\Flowrian\LEA_ROR9.v
C:\Flowrian\LEA_ROR5_tb.v
C:\Flowrian\LEA_ROR5.v
C:\Flowrian\LEA_ROR3.v
C:\Flowrian\LEA_ROL11.v
C:\Flowrian\LEA_ROL9_tb.v
C:\Flowrian\LEA_ROL9.v
C:\Flowrian\LEA_ROL6.v
C:\Flowrian\LEA_ROL5.v
C:\Flowrian\LEA_ROL3.v
C:\Flowrian\LEA_ROL1.v
C:\Flowrian\LEA_PASS.v
C:\Flowrian\LEA_KeyConstructor.v
C:\Flowrian\LEA_KeyConstant_tb.v
C:\Flowrian\LEA_KeyConstant.v
C:\Flowrian\LEA_FullSub.v
C:\Flowrian\LEA_FullAdder_tb.v
C:\Flowrian\LEA_FullAdder.v
C:\Flowrian\LEA_FinSub.v
C:\Flowrian\LEA_FinAdder.v
C:\Flowrian\LEA_Encrypt_tb.v
C:\Flowrian\LEA_Decrypt_tb.v
C:\Flowrian\LEA_Decrypt.v
C:\Flowrian\LEA_BlockXOR_tb.v
C:\Flowrian\LEA_BlockXOR.v
C:\Flowrian\LEA_BlockSubtractor_tb.v
C:\Flowrian\LEA_128BitsDivideIn16x8Register_tb.v
C:\Flowrian\LEA_128BitsDivideIn16x8Register.v
C:\Flowrian\LEA_128bitMessageRegister.v
C:\Flowrian\LEA_32bitBlock.v
C:\Flowrian\LEA_16Counter_tb.v
C:\Flowrian\LEA_16Counter.v
C:\Flowrian\LCD_ShowSelected.v
C:\Flowrian\LCD_ShowEncrypted.v
C:\Flowrian\LCD_ShowDecrypted.v
C:\Flowrian\LCD_InputPlainText.v
C:\Flowrian\LCD_InputKey.v
C:\Flowrian\LCD_HOME.v
C:\Flowrian\CounterEX.v
C:\Flowrian\LEA_CU.v
C:\Flowrian\LEA_CU_tb.v
C:\Flowrian\LEA_EncDecEXAMPLE.v
C:\Flowrian\LEA_EncDecEXAMPLE_tb.v
C:\Flowrian\LEA_BlockAddition.v
C:\Flowrian\LEA_Encrypt.v
C:\Flowrian\LEA_BlockSubtractor.v
C:\Flowrian\LEA_project.v
C:\Flowrian\LEA_project_tb.v
C:\Flowrian\EightBitX16Reg_tb.v
C:\Flowrian\LCDTEST.v
C:\Flowrian\LCDTEST_tb.v
